{"@timestamp":"2026-01-04T00:00:47.5807195+05:30","@version":"1","message":"Running the evict task with compensationTime 4ms","logger_name":"com.netflix.eureka.registry.AbstractInstanceRegistry","thread_name":"Eureka-EvictionTimer","level":"INFO","level_value":20000}
{"@timestamp":"2026-01-04T00:01:47.5949398+05:30","@version":"1","message":"Running the evict task with compensationTime 14ms","logger_name":"com.netflix.eureka.registry.AbstractInstanceRegistry","thread_name":"Eureka-EvictionTimer","level":"INFO","level_value":20000}
{"@timestamp":"2026-01-04T00:02:47.5978527+05:30","@version":"1","message":"Running the evict task with compensationTime 0ms","logger_name":"com.netflix.eureka.registry.AbstractInstanceRegistry","thread_name":"Eureka-EvictionTimer","level":"INFO","level_value":20000}
{"@timestamp":"2026-01-04T00:03:47.9639133+05:30","@version":"1","message":"Running the evict task with compensationTime 329ms","logger_name":"com.netflix.eureka.registry.AbstractInstanceRegistry","thread_name":"Eureka-EvictionTimer","level":"INFO","level_value":20000}
{"@timestamp":"2026-01-04T00:04:44.3650168+05:30","@version":"1","message":"Current renewal threshold is : 0","logger_name":"com.netflix.eureka.registry.PeerAwareInstanceRegistryImpl","thread_name":"ReplicaAwareInstanceRegistry - RenewalThresholdUpdater","level":"INFO","level_value":20000}
{"@timestamp":"2026-01-04T00:04:47.9248102+05:30","@version":"1","message":"Running the evict task with compensationTime 0ms","logger_name":"com.netflix.eureka.registry.AbstractInstanceRegistry","thread_name":"Eureka-EvictionTimer","level":"INFO","level_value":20000}
{"@timestamp":"2026-01-04T00:05:47.9257293+05:30","@version":"1","message":"Running the evict task with compensationTime 0ms","logger_name":"com.netflix.eureka.registry.AbstractInstanceRegistry","thread_name":"Eureka-EvictionTimer","level":"INFO","level_value":20000}
{"@timestamp":"2026-01-04T00:06:47.9262268+05:30","@version":"1","message":"Running the evict task with compensationTime 0ms","logger_name":"com.netflix.eureka.registry.AbstractInstanceRegistry","thread_name":"Eureka-EvictionTimer","level":"INFO","level_value":20000}
{"@timestamp":"2026-01-04T00:07:47.9268998+05:30","@version":"1","message":"Running the evict task with compensationTime 0ms","logger_name":"com.netflix.eureka.registry.AbstractInstanceRegistry","thread_name":"Eureka-EvictionTimer","level":"INFO","level_value":20000}
{"@timestamp":"2026-01-04T00:08:47.9281893+05:30","@version":"1","message":"Running the evict task with compensationTime 1ms","logger_name":"com.netflix.eureka.registry.AbstractInstanceRegistry","thread_name":"Eureka-EvictionTimer","level":"INFO","level_value":20000}
{"@timestamp":"2026-01-04T00:09:45.4907048+05:30","@version":"1","message":"The replica size seems to be empty. Check the route 53 DNS Registry","logger_name":"com.netflix.eureka.cluster.PeerEurekaNodes","thread_name":"Eureka-PeerNodesUpdater","level":"WARN","level_value":30000}
{"@timestamp":"2026-01-04T00:09:47.9283068+05:30","@version":"1","message":"Running the evict task with compensationTime 0ms","logger_name":"com.netflix.eureka.registry.AbstractInstanceRegistry","thread_name":"Eureka-EvictionTimer","level":"INFO","level_value":20000}
{"@timestamp":"2026-01-04T00:10:47.9289122+05:30","@version":"1","message":"Running the evict task with compensationTime 0ms","logger_name":"com.netflix.eureka.registry.AbstractInstanceRegistry","thread_name":"Eureka-EvictionTimer","level":"INFO","level_value":20000}
{"@timestamp":"2026-01-04T00:11:47.9289618+05:30","@version":"1","message":"Running the evict task with compensationTime 0ms","logger_name":"com.netflix.eureka.registry.AbstractInstanceRegistry","thread_name":"Eureka-EvictionTimer","level":"INFO","level_value":20000}
{"@timestamp":"2026-01-04T00:12:47.9288632+05:30","@version":"1","message":"Running the evict task with compensationTime 0ms","logger_name":"com.netflix.eureka.registry.AbstractInstanceRegistry","thread_name":"Eureka-EvictionTimer","level":"INFO","level_value":20000}
{"@timestamp":"2026-01-04T00:13:47.9290639+05:30","@version":"1","message":"Running the evict task with compensationTime 0ms","logger_name":"com.netflix.eureka.registry.AbstractInstanceRegistry","thread_name":"Eureka-EvictionTimer","level":"INFO","level_value":20000}
{"@timestamp":"2026-01-04T00:14:47.9306173+05:30","@version":"1","message":"Running the evict task with compensationTime 1ms","logger_name":"com.netflix.eureka.registry.AbstractInstanceRegistry","thread_name":"Eureka-EvictionTimer","level":"INFO","level_value":20000}
{"@timestamp":"2026-01-04T00:15:47.931349+05:30","@version":"1","message":"Running the evict task with compensationTime 0ms","logger_name":"com.netflix.eureka.registry.AbstractInstanceRegistry","thread_name":"Eureka-EvictionTimer","level":"INFO","level_value":20000}
{"@timestamp":"2026-01-04T00:16:47.9330205+05:30","@version":"1","message":"Running the evict task with compensationTime 1ms","logger_name":"com.netflix.eureka.registry.AbstractInstanceRegistry","thread_name":"Eureka-EvictionTimer","level":"INFO","level_value":20000}
{"@timestamp":"2026-01-04T00:17:47.9331964+05:30","@version":"1","message":"Running the evict task with compensationTime 0ms","logger_name":"com.netflix.eureka.registry.AbstractInstanceRegistry","thread_name":"Eureka-EvictionTimer","level":"INFO","level_value":20000}
{"@timestamp":"2026-01-04T00:18:47.9341325+05:30","@version":"1","message":"Running the evict task with compensationTime 0ms","logger_name":"com.netflix.eureka.registry.AbstractInstanceRegistry","thread_name":"Eureka-EvictionTimer","level":"INFO","level_value":20000}
{"@timestamp":"2026-01-04T00:20:45.5421997+05:30","@version":"1","message":"Current renewal threshold is : 0","logger_name":"com.netflix.eureka.registry.PeerAwareInstanceRegistryImpl","thread_name":"ReplicaAwareInstanceRegistry - RenewalThresholdUpdater","level":"INFO","level_value":20000}
{"@timestamp":"2026-01-04T00:20:46.7053676+05:30","@version":"1","message":"The replica size seems to be empty. Check the route 53 DNS Registry","logger_name":"com.netflix.eureka.cluster.PeerEurekaNodes","thread_name":"Eureka-PeerNodesUpdater","level":"WARN","level_value":30000}
{"@timestamp":"2026-01-04T00:20:49.1270473+05:30","@version":"1","message":"Running the evict task with compensationTime 61192ms","logger_name":"com.netflix.eureka.registry.AbstractInstanceRegistry","thread_name":"Eureka-EvictionTimer","level":"INFO","level_value":20000}
{"@timestamp":"2026-01-04T00:21:49.1271773+05:30","@version":"1","message":"Running the evict task with compensationTime 0ms","logger_name":"com.netflix.eureka.registry.AbstractInstanceRegistry","thread_name":"Eureka-EvictionTimer","level":"INFO","level_value":20000}
{"@timestamp":"2026-01-04T00:22:49.1274807+05:30","@version":"1","message":"Running the evict task with compensationTime 0ms","logger_name":"com.netflix.eureka.registry.AbstractInstanceRegistry","thread_name":"Eureka-EvictionTimer","level":"INFO","level_value":20000}
{"@timestamp":"2026-01-04T00:29:03.0071531+05:30","@version":"1","message":"Running the evict task with compensationTime 313874ms","logger_name":"com.netflix.eureka.registry.AbstractInstanceRegistry","thread_name":"Eureka-EvictionTimer","level":"INFO","level_value":20000}
{"@timestamp":"2026-01-04T00:30:03.0016241+05:30","@version":"1","message":"Running the evict task with compensationTime 0ms","logger_name":"com.netflix.eureka.registry.AbstractInstanceRegistry","thread_name":"Eureka-EvictionTimer","level":"INFO","level_value":20000}
{"@timestamp":"2026-01-04T00:31:03.0069899+05:30","@version":"1","message":"Running the evict task with compensationTime 1ms","logger_name":"com.netflix.eureka.registry.AbstractInstanceRegistry","thread_name":"Eureka-EvictionTimer","level":"INFO","level_value":20000}
{"@timestamp":"2026-01-04T00:32:03.0032043+05:30","@version":"1","message":"Running the evict task with compensationTime 0ms","logger_name":"com.netflix.eureka.registry.AbstractInstanceRegistry","thread_name":"Eureka-EvictionTimer","level":"INFO","level_value":20000}
{"@timestamp":"2026-01-04T00:33:03.004797+05:30","@version":"1","message":"Running the evict task with compensationTime 0ms","logger_name":"com.netflix.eureka.registry.AbstractInstanceRegistry","thread_name":"Eureka-EvictionTimer","level":"INFO","level_value":20000}
{"@timestamp":"2026-01-04T00:34:03.0074778+05:30","@version":"1","message":"Running the evict task with compensationTime 4ms","logger_name":"com.netflix.eureka.registry.AbstractInstanceRegistry","thread_name":"Eureka-EvictionTimer","level":"INFO","level_value":20000}
{"@timestamp":"2026-01-04T00:35:03.0077747+05:30","@version":"1","message":"Running the evict task with compensationTime 0ms","logger_name":"com.netflix.eureka.registry.AbstractInstanceRegistry","thread_name":"Eureka-EvictionTimer","level":"INFO","level_value":20000}
{"@timestamp":"2026-01-04T00:35:58.3184881+05:30","@version":"1","message":"The replica size seems to be empty. Check the route 53 DNS Registry","logger_name":"com.netflix.eureka.cluster.PeerEurekaNodes","thread_name":"Eureka-PeerNodesUpdater","level":"WARN","level_value":30000}
{"@timestamp":"2026-01-04T00:36:03.014934+05:30","@version":"1","message":"Running the evict task with compensationTime 7ms","logger_name":"com.netflix.eureka.registry.AbstractInstanceRegistry","thread_name":"Eureka-EvictionTimer","level":"INFO","level_value":20000}
{"@timestamp":"2026-01-04T00:37:03.03022+05:30","@version":"1","message":"Running the evict task with compensationTime 14ms","logger_name":"com.netflix.eureka.registry.AbstractInstanceRegistry","thread_name":"Eureka-EvictionTimer","level":"INFO","level_value":20000}
{"@timestamp":"2026-01-04T00:38:03.0322299+05:30","@version":"1","message":"Running the evict task with compensationTime 2ms","logger_name":"com.netflix.eureka.registry.AbstractInstanceRegistry","thread_name":"Eureka-EvictionTimer","level":"INFO","level_value":20000}
{"@timestamp":"2026-01-04T00:39:03.0425365+05:30","@version":"1","message":"Running the evict task with compensationTime 10ms","logger_name":"com.netflix.eureka.registry.AbstractInstanceRegistry","thread_name":"Eureka-EvictionTimer","level":"INFO","level_value":20000}
{"@timestamp":"2026-01-04T00:40:03.0467539+05:30","@version":"1","message":"Running the evict task with compensationTime 4ms","logger_name":"com.netflix.eureka.registry.AbstractInstanceRegistry","thread_name":"Eureka-EvictionTimer","level":"INFO","level_value":20000}
{"@timestamp":"2026-01-04T00:40:57.202697+05:30","@version":"1","message":"Current renewal threshold is : 0","logger_name":"com.netflix.eureka.registry.PeerAwareInstanceRegistryImpl","thread_name":"ReplicaAwareInstanceRegistry - RenewalThresholdUpdater","level":"INFO","level_value":20000}
{"@timestamp":"2026-01-04T00:41:03.0621969+05:30","@version":"1","message":"Running the evict task with compensationTime 14ms","logger_name":"com.netflix.eureka.registry.AbstractInstanceRegistry","thread_name":"Eureka-EvictionTimer","level":"INFO","level_value":20000}
{"@timestamp":"2026-01-04T00:42:03.0684196+05:30","@version":"1","message":"Running the evict task with compensationTime 6ms","logger_name":"com.netflix.eureka.registry.AbstractInstanceRegistry","thread_name":"Eureka-EvictionTimer","level":"INFO","level_value":20000}
{"@timestamp":"2026-01-04T00:43:03.0716259+05:30","@version":"1","message":"Running the evict task with compensationTime 2ms","logger_name":"com.netflix.eureka.registry.AbstractInstanceRegistry","thread_name":"Eureka-EvictionTimer","level":"INFO","level_value":20000}
{"@timestamp":"2026-01-04T00:44:03.0748251+05:30","@version":"1","message":"Running the evict task with compensationTime 3ms","logger_name":"com.netflix.eureka.registry.AbstractInstanceRegistry","thread_name":"Eureka-EvictionTimer","level":"INFO","level_value":20000}
{"@timestamp":"2026-01-04T00:45:03.0760323+05:30","@version":"1","message":"Running the evict task with compensationTime 1ms","logger_name":"com.netflix.eureka.registry.AbstractInstanceRegistry","thread_name":"Eureka-EvictionTimer","level":"INFO","level_value":20000}
{"@timestamp":"2026-01-04T00:45:58.3938113+05:30","@version":"1","message":"The replica size seems to be empty. Check the route 53 DNS Registry","logger_name":"com.netflix.eureka.cluster.PeerEurekaNodes","thread_name":"Eureka-PeerNodesUpdater","level":"WARN","level_value":30000}
{"@timestamp":"2026-01-04T00:46:03.0835249+05:30","@version":"1","message":"Running the evict task with compensationTime 7ms","logger_name":"com.netflix.eureka.registry.AbstractInstanceRegistry","thread_name":"Eureka-EvictionTimer","level":"INFO","level_value":20000}
{"@timestamp":"2026-01-04T00:47:03.0856564+05:30","@version":"1","message":"Running the evict task with compensationTime 1ms","logger_name":"com.netflix.eureka.registry.AbstractInstanceRegistry","thread_name":"Eureka-EvictionTimer","level":"INFO","level_value":20000}
{"@timestamp":"2026-01-04T00:48:03.0921519+05:30","@version":"1","message":"Running the evict task with compensationTime 6ms","logger_name":"com.netflix.eureka.registry.AbstractInstanceRegistry","thread_name":"Eureka-EvictionTimer","level":"INFO","level_value":20000}
{"@timestamp":"2026-01-04T00:49:03.0923251+05:30","@version":"1","message":"Running the evict task with compensationTime 0ms","logger_name":"com.netflix.eureka.registry.AbstractInstanceRegistry","thread_name":"Eureka-EvictionTimer","level":"INFO","level_value":20000}
{"@timestamp":"2026-01-04T00:50:03.0945676+05:30","@version":"1","message":"Running the evict task with compensationTime 2ms","logger_name":"com.netflix.eureka.registry.AbstractInstanceRegistry","thread_name":"Eureka-EvictionTimer","level":"INFO","level_value":20000}
{"@timestamp":"2026-01-04T00:51:03.0973371+05:30","@version":"1","message":"Running the evict task with compensationTime 2ms","logger_name":"com.netflix.eureka.registry.AbstractInstanceRegistry","thread_name":"Eureka-EvictionTimer","level":"INFO","level_value":20000}
{"@timestamp":"2026-01-04T00:52:03.1031619+05:30","@version":"1","message":"Running the evict task with compensationTime 6ms","logger_name":"com.netflix.eureka.registry.AbstractInstanceRegistry","thread_name":"Eureka-EvictionTimer","level":"INFO","level_value":20000}
{"@timestamp":"2026-01-04T00:53:03.1043186+05:30","@version":"1","message":"Running the evict task with compensationTime 1ms","logger_name":"com.netflix.eureka.registry.AbstractInstanceRegistry","thread_name":"Eureka-EvictionTimer","level":"INFO","level_value":20000}
{"@timestamp":"2026-01-04T00:54:03.1069186+05:30","@version":"1","message":"Running the evict task with compensationTime 2ms","logger_name":"com.netflix.eureka.registry.AbstractInstanceRegistry","thread_name":"Eureka-EvictionTimer","level":"INFO","level_value":20000}
{"@timestamp":"2026-01-04T00:55:03.1115251+05:30","@version":"1","message":"Running the evict task with compensationTime 4ms","logger_name":"com.netflix.eureka.registry.AbstractInstanceRegistry","thread_name":"Eureka-EvictionTimer","level":"INFO","level_value":20000}
{"@timestamp":"2026-01-04T00:55:57.1378321+05:30","@version":"1","message":"Current renewal threshold is : 0","logger_name":"com.netflix.eureka.registry.PeerAwareInstanceRegistryImpl","thread_name":"ReplicaAwareInstanceRegistry - RenewalThresholdUpdater","level":"INFO","level_value":20000}
{"@timestamp":"2026-01-04T00:55:58.460592+05:30","@version":"1","message":"The replica size seems to be empty. Check the route 53 DNS Registry","logger_name":"com.netflix.eureka.cluster.PeerEurekaNodes","thread_name":"Eureka-PeerNodesUpdater","level":"WARN","level_value":30000}
{"@timestamp":"2026-01-04T00:56:03.1167379+05:30","@version":"1","message":"Running the evict task with compensationTime 4ms","logger_name":"com.netflix.eureka.registry.AbstractInstanceRegistry","thread_name":"Eureka-EvictionTimer","level":"INFO","level_value":20000}
{"@timestamp":"2026-01-04T00:56:37.9527704+05:30","@version":"1","message":"Registered instance PATIENT-SERVICE/Patient-Service:44ad0825-2c9e-4ad7-909e-43dc61a5dc46 with status DOWN (replication=false)","logger_name":"com.netflix.eureka.registry.AbstractInstanceRegistry","thread_name":"http-nio-8761-exec-2","level":"INFO","level_value":20000}
{"@timestamp":"2026-01-04T00:56:41.5408969+05:30","@version":"1","message":"Cancelled instance PATIENT-SERVICE/Patient-Service:44ad0825-2c9e-4ad7-909e-43dc61a5dc46 (replication=false)","logger_name":"com.netflix.eureka.registry.AbstractInstanceRegistry","thread_name":"http-nio-8761-exec-10","level":"INFO","level_value":20000}
{"@timestamp":"2026-01-04T00:57:03.1440509+05:30","@version":"1","message":"Running the evict task with compensationTime 27ms","logger_name":"com.netflix.eureka.registry.AbstractInstanceRegistry","thread_name":"Eureka-EvictionTimer","level":"INFO","level_value":20000}
{"@timestamp":"2026-01-04T00:58:03.1589056+05:30","@version":"1","message":"Running the evict task with compensationTime 14ms","logger_name":"com.netflix.eureka.registry.AbstractInstanceRegistry","thread_name":"Eureka-EvictionTimer","level":"INFO","level_value":20000}
{"@timestamp":"2026-01-04T00:58:10.8208705+05:30","@version":"1","message":"Registered instance PATIENT-SERVICE/Patient-Service:2c47c639-68f5-4d01-b9d3-70b96572eee6 with status UP (replication=false)","logger_name":"com.netflix.eureka.registry.AbstractInstanceRegistry","thread_name":"http-nio-8761-exec-3","level":"INFO","level_value":20000}
{"@timestamp":"2026-01-04T00:59:03.1717004+05:30","@version":"1","message":"Running the evict task with compensationTime 13ms","logger_name":"com.netflix.eureka.registry.AbstractInstanceRegistry","thread_name":"Eureka-EvictionTimer","level":"INFO","level_value":20000}
{"@timestamp":"2026-01-04T01:00:03.1787959+05:30","@version":"1","message":"Running the evict task with compensationTime 7ms","logger_name":"com.netflix.eureka.registry.AbstractInstanceRegistry","thread_name":"Eureka-EvictionTimer","level":"INFO","level_value":20000}
{"@timestamp":"2026-01-04T01:01:03.1952047+05:30","@version":"1","message":"Running the evict task with compensationTime 14ms","logger_name":"com.netflix.eureka.registry.AbstractInstanceRegistry","thread_name":"Eureka-EvictionTimer","level":"INFO","level_value":20000}
{"@timestamp":"2026-01-04T01:02:03.1974656+05:30","@version":"1","message":"Running the evict task with compensationTime 3ms","logger_name":"com.netflix.eureka.registry.AbstractInstanceRegistry","thread_name":"Eureka-EvictionTimer","level":"INFO","level_value":20000}
{"@timestamp":"2026-01-04T01:03:03.2075461+05:30","@version":"1","message":"Running the evict task with compensationTime 10ms","logger_name":"com.netflix.eureka.registry.AbstractInstanceRegistry","thread_name":"Eureka-EvictionTimer","level":"INFO","level_value":20000}
{"@timestamp":"2026-01-04T01:04:03.2090903+05:30","@version":"1","message":"Running the evict task with compensationTime 0ms","logger_name":"com.netflix.eureka.registry.AbstractInstanceRegistry","thread_name":"Eureka-EvictionTimer","level":"INFO","level_value":20000}
{"@timestamp":"2026-01-04T01:05:03.208154+05:30","@version":"1","message":"Running the evict task with compensationTime 0ms","logger_name":"com.netflix.eureka.registry.AbstractInstanceRegistry","thread_name":"Eureka-EvictionTimer","level":"INFO","level_value":20000}
{"@timestamp":"2026-01-04T01:05:58.5089086+05:30","@version":"1","message":"The replica size seems to be empty. Check the route 53 DNS Registry","logger_name":"com.netflix.eureka.cluster.PeerEurekaNodes","thread_name":"Eureka-PeerNodesUpdater","level":"WARN","level_value":30000}
{"@timestamp":"2026-01-04T01:06:03.2182943+05:30","@version":"1","message":"Running the evict task with compensationTime 10ms","logger_name":"com.netflix.eureka.registry.AbstractInstanceRegistry","thread_name":"Eureka-EvictionTimer","level":"INFO","level_value":20000}
{"@timestamp":"2026-01-04T01:07:03.2206222+05:30","@version":"1","message":"Running the evict task with compensationTime 2ms","logger_name":"com.netflix.eureka.registry.AbstractInstanceRegistry","thread_name":"Eureka-EvictionTimer","level":"INFO","level_value":20000}
{"@timestamp":"2026-01-04T01:08:03.2221284+05:30","@version":"1","message":"Running the evict task with compensationTime 0ms","logger_name":"com.netflix.eureka.registry.AbstractInstanceRegistry","thread_name":"Eureka-EvictionTimer","level":"INFO","level_value":20000}
{"@timestamp":"2026-01-04T01:09:03.2221561+05:30","@version":"1","message":"Running the evict task with compensationTime 0ms","logger_name":"com.netflix.eureka.registry.AbstractInstanceRegistry","thread_name":"Eureka-EvictionTimer","level":"INFO","level_value":20000}
{"@timestamp":"2026-01-04T01:10:03.2226885+05:30","@version":"1","message":"Running the evict task with compensationTime 0ms","logger_name":"com.netflix.eureka.registry.AbstractInstanceRegistry","thread_name":"Eureka-EvictionTimer","level":"INFO","level_value":20000}
{"@timestamp":"2026-01-04T01:10:57.5203009+05:30","@version":"1","message":"Current renewal threshold is : 0","logger_name":"com.netflix.eureka.registry.PeerAwareInstanceRegistryImpl","thread_name":"ReplicaAwareInstanceRegistry - RenewalThresholdUpdater","level":"INFO","level_value":20000}
{"@timestamp":"2026-01-04T01:11:03.2349467+05:30","@version":"1","message":"Running the evict task with compensationTime 12ms","logger_name":"com.netflix.eureka.registry.AbstractInstanceRegistry","thread_name":"Eureka-EvictionTimer","level":"INFO","level_value":20000}
{"@timestamp":"2026-01-04T01:12:03.234673+05:30","@version":"1","message":"Running the evict task with compensationTime 0ms","logger_name":"com.netflix.eureka.registry.AbstractInstanceRegistry","thread_name":"Eureka-EvictionTimer","level":"INFO","level_value":20000}
{"@timestamp":"2026-01-04T01:13:03.2418373+05:30","@version":"1","message":"Running the evict task with compensationTime 7ms","logger_name":"com.netflix.eureka.registry.AbstractInstanceRegistry","thread_name":"Eureka-EvictionTimer","level":"INFO","level_value":20000}
{"@timestamp":"2026-01-04T01:14:03.2439833+05:30","@version":"1","message":"Running the evict task with compensationTime 2ms","logger_name":"com.netflix.eureka.registry.AbstractInstanceRegistry","thread_name":"Eureka-EvictionTimer","level":"INFO","level_value":20000}
{"@timestamp":"2026-01-04T01:15:03.2590447+05:30","@version":"1","message":"Running the evict task with compensationTime 15ms","logger_name":"com.netflix.eureka.registry.AbstractInstanceRegistry","thread_name":"Eureka-EvictionTimer","level":"INFO","level_value":20000}
{"@timestamp":"2026-01-04T01:15:58.5284664+05:30","@version":"1","message":"The replica size seems to be empty. Check the route 53 DNS Registry","logger_name":"com.netflix.eureka.cluster.PeerEurekaNodes","thread_name":"Eureka-PeerNodesUpdater","level":"WARN","level_value":30000}
{"@timestamp":"2026-01-04T01:16:03.2612833+05:30","@version":"1","message":"Running the evict task with compensationTime 2ms","logger_name":"com.netflix.eureka.registry.AbstractInstanceRegistry","thread_name":"Eureka-EvictionTimer","level":"INFO","level_value":20000}
{"@timestamp":"2026-01-04T01:17:03.2768272+05:30","@version":"1","message":"Running the evict task with compensationTime 15ms","logger_name":"com.netflix.eureka.registry.AbstractInstanceRegistry","thread_name":"Eureka-EvictionTimer","level":"INFO","level_value":20000}
{"@timestamp":"2026-01-04T01:18:03.2774242+05:30","@version":"1","message":"Running the evict task with compensationTime 1ms","logger_name":"com.netflix.eureka.registry.AbstractInstanceRegistry","thread_name":"Eureka-EvictionTimer","level":"INFO","level_value":20000}
{"@timestamp":"2026-01-04T01:19:03.2811923+05:30","@version":"1","message":"Running the evict task with compensationTime 3ms","logger_name":"com.netflix.eureka.registry.AbstractInstanceRegistry","thread_name":"Eureka-EvictionTimer","level":"INFO","level_value":20000}
{"@timestamp":"2026-01-04T01:20:03.2813445+05:30","@version":"1","message":"Running the evict task with compensationTime 0ms","logger_name":"com.netflix.eureka.registry.AbstractInstanceRegistry","thread_name":"Eureka-EvictionTimer","level":"INFO","level_value":20000}
{"@timestamp":"2026-01-04T01:21:03.2980054+05:30","@version":"1","message":"Running the evict task with compensationTime 16ms","logger_name":"com.netflix.eureka.registry.AbstractInstanceRegistry","thread_name":"Eureka-EvictionTimer","level":"INFO","level_value":20000}
{"@timestamp":"2026-01-04T01:22:03.3145745+05:30","@version":"1","message":"Running the evict task with compensationTime 16ms","logger_name":"com.netflix.eureka.registry.AbstractInstanceRegistry","thread_name":"Eureka-EvictionTimer","level":"INFO","level_value":20000}
{"@timestamp":"2026-01-04T01:23:03.3272506+05:30","@version":"1","message":"Running the evict task with compensationTime 12ms","logger_name":"com.netflix.eureka.registry.AbstractInstanceRegistry","thread_name":"Eureka-EvictionTimer","level":"INFO","level_value":20000}
{"@timestamp":"2026-01-04T01:24:03.3353009+05:30","@version":"1","message":"Running the evict task with compensationTime 7ms","logger_name":"com.netflix.eureka.registry.AbstractInstanceRegistry","thread_name":"Eureka-EvictionTimer","level":"INFO","level_value":20000}
{"@timestamp":"2026-01-04T01:25:03.3569656+05:30","@version":"1","message":"Running the evict task with compensationTime 21ms","logger_name":"com.netflix.eureka.registry.AbstractInstanceRegistry","thread_name":"Eureka-EvictionTimer","level":"INFO","level_value":20000}
{"@timestamp":"2026-01-04T01:25:57.1406438+05:30","@version":"1","message":"Current renewal threshold is : 0","logger_name":"com.netflix.eureka.registry.PeerAwareInstanceRegistryImpl","thread_name":"ReplicaAwareInstanceRegistry - RenewalThresholdUpdater","level":"INFO","level_value":20000}
{"@timestamp":"2026-01-04T01:25:58.5632672+05:30","@version":"1","message":"The replica size seems to be empty. Check the route 53 DNS Registry","logger_name":"com.netflix.eureka.cluster.PeerEurekaNodes","thread_name":"Eureka-PeerNodesUpdater","level":"WARN","level_value":30000}
{"@timestamp":"2026-01-04T01:26:03.3571041+05:30","@version":"1","message":"Running the evict task with compensationTime 0ms","logger_name":"com.netflix.eureka.registry.AbstractInstanceRegistry","thread_name":"Eureka-EvictionTimer","level":"INFO","level_value":20000}
{"@timestamp":"2026-01-04T01:27:03.3594849+05:30","@version":"1","message":"Running the evict task with compensationTime 2ms","logger_name":"com.netflix.eureka.registry.AbstractInstanceRegistry","thread_name":"Eureka-EvictionTimer","level":"INFO","level_value":20000}
{"@timestamp":"2026-01-04T01:28:03.360382+05:30","@version":"1","message":"Running the evict task with compensationTime 0ms","logger_name":"com.netflix.eureka.registry.AbstractInstanceRegistry","thread_name":"Eureka-EvictionTimer","level":"INFO","level_value":20000}
{"@timestamp":"2026-01-04T01:29:03.3633467+05:30","@version":"1","message":"Running the evict task with compensationTime 3ms","logger_name":"com.netflix.eureka.registry.AbstractInstanceRegistry","thread_name":"Eureka-EvictionTimer","level":"INFO","level_value":20000}
{"@timestamp":"2026-01-04T01:30:03.3671205+05:30","@version":"1","message":"Running the evict task with compensationTime 3ms","logger_name":"com.netflix.eureka.registry.AbstractInstanceRegistry","thread_name":"Eureka-EvictionTimer","level":"INFO","level_value":20000}
{"@timestamp":"2026-01-04T01:31:03.3706795+05:30","@version":"1","message":"Running the evict task with compensationTime 3ms","logger_name":"com.netflix.eureka.registry.AbstractInstanceRegistry","thread_name":"Eureka-EvictionTimer","level":"INFO","level_value":20000}
{"@timestamp":"2026-01-04T01:32:03.3829374+05:30","@version":"1","message":"Running the evict task with compensationTime 12ms","logger_name":"com.netflix.eureka.registry.AbstractInstanceRegistry","thread_name":"Eureka-EvictionTimer","level":"INFO","level_value":20000}
{"@timestamp":"2026-01-04T01:33:03.3845604+05:30","@version":"1","message":"Running the evict task with compensationTime 1ms","logger_name":"com.netflix.eureka.registry.AbstractInstanceRegistry","thread_name":"Eureka-EvictionTimer","level":"INFO","level_value":20000}
{"@timestamp":"2026-01-04T01:34:03.389988+05:30","@version":"1","message":"Running the evict task with compensationTime 5ms","logger_name":"com.netflix.eureka.registry.AbstractInstanceRegistry","thread_name":"Eureka-EvictionTimer","level":"INFO","level_value":20000}
{"@timestamp":"2026-01-04T01:35:03.4009816+05:30","@version":"1","message":"Running the evict task with compensationTime 10ms","logger_name":"com.netflix.eureka.registry.AbstractInstanceRegistry","thread_name":"Eureka-EvictionTimer","level":"INFO","level_value":20000}
{"@timestamp":"2026-01-04T01:35:58.6120772+05:30","@version":"1","message":"The replica size seems to be empty. Check the route 53 DNS Registry","logger_name":"com.netflix.eureka.cluster.PeerEurekaNodes","thread_name":"Eureka-PeerNodesUpdater","level":"WARN","level_value":30000}
{"@timestamp":"2026-01-04T01:36:03.4033964+05:30","@version":"1","message":"Running the evict task with compensationTime 2ms","logger_name":"com.netflix.eureka.registry.AbstractInstanceRegistry","thread_name":"Eureka-EvictionTimer","level":"INFO","level_value":20000}
{"@timestamp":"2026-01-04T01:37:03.4077337+05:30","@version":"1","message":"Running the evict task with compensationTime 4ms","logger_name":"com.netflix.eureka.registry.AbstractInstanceRegistry","thread_name":"Eureka-EvictionTimer","level":"INFO","level_value":20000}
{"@timestamp":"2026-01-04T01:38:03.4093417+05:30","@version":"1","message":"Running the evict task with compensationTime 0ms","logger_name":"com.netflix.eureka.registry.AbstractInstanceRegistry","thread_name":"Eureka-EvictionTimer","level":"INFO","level_value":20000}
{"@timestamp":"2026-01-04T01:39:03.410684+05:30","@version":"1","message":"Running the evict task with compensationTime 2ms","logger_name":"com.netflix.eureka.registry.AbstractInstanceRegistry","thread_name":"Eureka-EvictionTimer","level":"INFO","level_value":20000}
{"@timestamp":"2026-01-04T01:40:03.4205517+05:30","@version":"1","message":"Running the evict task with compensationTime 9ms","logger_name":"com.netflix.eureka.registry.AbstractInstanceRegistry","thread_name":"Eureka-EvictionTimer","level":"INFO","level_value":20000}
{"@timestamp":"2026-01-04T01:40:57.1702228+05:30","@version":"1","message":"Current renewal threshold is : 0","logger_name":"com.netflix.eureka.registry.PeerAwareInstanceRegistryImpl","thread_name":"ReplicaAwareInstanceRegistry - RenewalThresholdUpdater","level":"INFO","level_value":20000}
{"@timestamp":"2026-01-04T01:41:03.4210693+05:30","@version":"1","message":"Running the evict task with compensationTime 0ms","logger_name":"com.netflix.eureka.registry.AbstractInstanceRegistry","thread_name":"Eureka-EvictionTimer","level":"INFO","level_value":20000}
{"@timestamp":"2026-01-04T01:42:03.5636349+05:30","@version":"1","message":"Running the evict task with compensationTime 142ms","logger_name":"com.netflix.eureka.registry.AbstractInstanceRegistry","thread_name":"Eureka-EvictionTimer","level":"INFO","level_value":20000}
{"@timestamp":"2026-01-04T01:43:03.5735969+05:30","@version":"1","message":"Running the evict task with compensationTime 10ms","logger_name":"com.netflix.eureka.registry.AbstractInstanceRegistry","thread_name":"Eureka-EvictionTimer","level":"INFO","level_value":20000}
{"@timestamp":"2026-01-04T01:44:03.5851924+05:30","@version":"1","message":"Running the evict task with compensationTime 11ms","logger_name":"com.netflix.eureka.registry.AbstractInstanceRegistry","thread_name":"Eureka-EvictionTimer","level":"INFO","level_value":20000}
{"@timestamp":"2026-01-04T01:45:03.5913283+05:30","@version":"1","message":"Running the evict task with compensationTime 6ms","logger_name":"com.netflix.eureka.registry.AbstractInstanceRegistry","thread_name":"Eureka-EvictionTimer","level":"INFO","level_value":20000}
{"@timestamp":"2026-01-04T01:45:58.6729374+05:30","@version":"1","message":"The replica size seems to be empty. Check the route 53 DNS Registry","logger_name":"com.netflix.eureka.cluster.PeerEurekaNodes","thread_name":"Eureka-PeerNodesUpdater","level":"WARN","level_value":30000}
{"@timestamp":"2026-01-04T01:46:03.5949812+05:30","@version":"1","message":"Running the evict task with compensationTime 3ms","logger_name":"com.netflix.eureka.registry.AbstractInstanceRegistry","thread_name":"Eureka-EvictionTimer","level":"INFO","level_value":20000}
{"@timestamp":"2026-01-04T01:47:03.5995772+05:30","@version":"1","message":"Running the evict task with compensationTime 4ms","logger_name":"com.netflix.eureka.registry.AbstractInstanceRegistry","thread_name":"Eureka-EvictionTimer","level":"INFO","level_value":20000}
{"@timestamp":"2026-01-04T01:48:03.6002373+05:30","@version":"1","message":"Running the evict task with compensationTime 1ms","logger_name":"com.netflix.eureka.registry.AbstractInstanceRegistry","thread_name":"Eureka-EvictionTimer","level":"INFO","level_value":20000}
{"@timestamp":"2026-01-04T01:49:03.6145636+05:30","@version":"1","message":"Running the evict task with compensationTime 13ms","logger_name":"com.netflix.eureka.registry.AbstractInstanceRegistry","thread_name":"Eureka-EvictionTimer","level":"INFO","level_value":20000}
{"@timestamp":"2026-01-04T01:50:03.6146807+05:30","@version":"1","message":"Running the evict task with compensationTime 0ms","logger_name":"com.netflix.eureka.registry.AbstractInstanceRegistry","thread_name":"Eureka-EvictionTimer","level":"INFO","level_value":20000}
{"@timestamp":"2026-01-04T01:51:03.6213441+05:30","@version":"1","message":"Running the evict task with compensationTime 6ms","logger_name":"com.netflix.eureka.registry.AbstractInstanceRegistry","thread_name":"Eureka-EvictionTimer","level":"INFO","level_value":20000}
{"@timestamp":"2026-01-04T01:52:03.6263195+05:30","@version":"1","message":"Running the evict task with compensationTime 4ms","logger_name":"com.netflix.eureka.registry.AbstractInstanceRegistry","thread_name":"Eureka-EvictionTimer","level":"INFO","level_value":20000}
{"@timestamp":"2026-01-04T01:53:03.6317119+05:30","@version":"1","message":"Running the evict task with compensationTime 5ms","logger_name":"com.netflix.eureka.registry.AbstractInstanceRegistry","thread_name":"Eureka-EvictionTimer","level":"INFO","level_value":20000}
{"@timestamp":"2026-01-04T01:54:03.6469925+05:30","@version":"1","message":"Running the evict task with compensationTime 15ms","logger_name":"com.netflix.eureka.registry.AbstractInstanceRegistry","thread_name":"Eureka-EvictionTimer","level":"INFO","level_value":20000}
{"@timestamp":"2026-01-04T01:55:03.6596985+05:30","@version":"1","message":"Running the evict task with compensationTime 13ms","logger_name":"com.netflix.eureka.registry.AbstractInstanceRegistry","thread_name":"Eureka-EvictionTimer","level":"INFO","level_value":20000}
{"@timestamp":"2026-01-04T01:55:57.1419771+05:30","@version":"1","message":"Current renewal threshold is : 0","logger_name":"com.netflix.eureka.registry.PeerAwareInstanceRegistryImpl","thread_name":"ReplicaAwareInstanceRegistry - RenewalThresholdUpdater","level":"INFO","level_value":20000}
{"@timestamp":"2026-01-04T01:55:58.7091315+05:30","@version":"1","message":"The replica size seems to be empty. Check the route 53 DNS Registry","logger_name":"com.netflix.eureka.cluster.PeerEurekaNodes","thread_name":"Eureka-PeerNodesUpdater","level":"WARN","level_value":30000}
{"@timestamp":"2026-01-04T01:56:03.6668428+05:30","@version":"1","message":"Running the evict task with compensationTime 6ms","logger_name":"com.netflix.eureka.registry.AbstractInstanceRegistry","thread_name":"Eureka-EvictionTimer","level":"INFO","level_value":20000}
{"@timestamp":"2026-01-04T01:57:03.6811063+05:30","@version":"1","message":"Running the evict task with compensationTime 14ms","logger_name":"com.netflix.eureka.registry.AbstractInstanceRegistry","thread_name":"Eureka-EvictionTimer","level":"INFO","level_value":20000}
{"@timestamp":"2026-01-04T01:58:03.6878751+05:30","@version":"1","message":"Running the evict task with compensationTime 6ms","logger_name":"com.netflix.eureka.registry.AbstractInstanceRegistry","thread_name":"Eureka-EvictionTimer","level":"INFO","level_value":20000}
{"@timestamp":"2026-01-04T01:59:03.6985827+05:30","@version":"1","message":"Running the evict task with compensationTime 10ms","logger_name":"com.netflix.eureka.registry.AbstractInstanceRegistry","thread_name":"Eureka-EvictionTimer","level":"INFO","level_value":20000}
{"@timestamp":"2026-01-04T02:00:03.713029+05:30","@version":"1","message":"Running the evict task with compensationTime 14ms","logger_name":"com.netflix.eureka.registry.AbstractInstanceRegistry","thread_name":"Eureka-EvictionTimer","level":"INFO","level_value":20000}
{"@timestamp":"2026-01-04T02:01:03.7183997+05:30","@version":"1","message":"Running the evict task with compensationTime 5ms","logger_name":"com.netflix.eureka.registry.AbstractInstanceRegistry","thread_name":"Eureka-EvictionTimer","level":"INFO","level_value":20000}
{"@timestamp":"2026-01-04T02:02:03.7267039+05:30","@version":"1","message":"Running the evict task with compensationTime 8ms","logger_name":"com.netflix.eureka.registry.AbstractInstanceRegistry","thread_name":"Eureka-EvictionTimer","level":"INFO","level_value":20000}
{"@timestamp":"2026-01-04T02:03:03.741675+05:30","@version":"1","message":"Running the evict task with compensationTime 14ms","logger_name":"com.netflix.eureka.registry.AbstractInstanceRegistry","thread_name":"Eureka-EvictionTimer","level":"INFO","level_value":20000}
{"@timestamp":"2026-01-04T02:04:03.7478875+05:30","@version":"1","message":"Running the evict task with compensationTime 6ms","logger_name":"com.netflix.eureka.registry.AbstractInstanceRegistry","thread_name":"Eureka-EvictionTimer","level":"INFO","level_value":20000}
{"@timestamp":"2026-01-04T02:05:03.7504077+05:30","@version":"1","message":"Running the evict task with compensationTime 2ms","logger_name":"com.netflix.eureka.registry.AbstractInstanceRegistry","thread_name":"Eureka-EvictionTimer","level":"INFO","level_value":20000}
{"@timestamp":"2026-01-04T02:05:58.7381789+05:30","@version":"1","message":"The replica size seems to be empty. Check the route 53 DNS Registry","logger_name":"com.netflix.eureka.cluster.PeerEurekaNodes","thread_name":"Eureka-PeerNodesUpdater","level":"WARN","level_value":30000}
{"@timestamp":"2026-01-04T02:06:03.7660544+05:30","@version":"1","message":"Running the evict task with compensationTime 16ms","logger_name":"com.netflix.eureka.registry.AbstractInstanceRegistry","thread_name":"Eureka-EvictionTimer","level":"INFO","level_value":20000}
{"@timestamp":"2026-01-04T02:07:03.7683378+05:30","@version":"1","message":"Running the evict task with compensationTime 1ms","logger_name":"com.netflix.eureka.registry.AbstractInstanceRegistry","thread_name":"Eureka-EvictionTimer","level":"INFO","level_value":20000}
{"@timestamp":"2026-01-04T02:08:03.7780156+05:30","@version":"1","message":"Running the evict task with compensationTime 9ms","logger_name":"com.netflix.eureka.registry.AbstractInstanceRegistry","thread_name":"Eureka-EvictionTimer","level":"INFO","level_value":20000}
{"@timestamp":"2026-01-04T02:09:03.778855+05:30","@version":"1","message":"Running the evict task with compensationTime 0ms","logger_name":"com.netflix.eureka.registry.AbstractInstanceRegistry","thread_name":"Eureka-EvictionTimer","level":"INFO","level_value":20000}
{"@timestamp":"2026-01-04T02:10:03.79133+05:30","@version":"1","message":"Running the evict task with compensationTime 12ms","logger_name":"com.netflix.eureka.registry.AbstractInstanceRegistry","thread_name":"Eureka-EvictionTimer","level":"INFO","level_value":20000}
{"@timestamp":"2026-01-04T02:10:57.1545478+05:30","@version":"1","message":"Current renewal threshold is : 0","logger_name":"com.netflix.eureka.registry.PeerAwareInstanceRegistryImpl","thread_name":"ReplicaAwareInstanceRegistry - RenewalThresholdUpdater","level":"INFO","level_value":20000}
{"@timestamp":"2026-01-04T02:11:03.8031366+05:30","@version":"1","message":"Running the evict task with compensationTime 11ms","logger_name":"com.netflix.eureka.registry.AbstractInstanceRegistry","thread_name":"Eureka-EvictionTimer","level":"INFO","level_value":20000}
{"@timestamp":"2026-01-04T02:12:03.8069672+05:30","@version":"1","message":"Running the evict task with compensationTime 3ms","logger_name":"com.netflix.eureka.registry.AbstractInstanceRegistry","thread_name":"Eureka-EvictionTimer","level":"INFO","level_value":20000}
{"@timestamp":"2026-01-04T02:13:03.8117648+05:30","@version":"1","message":"Running the evict task with compensationTime 5ms","logger_name":"com.netflix.eureka.registry.AbstractInstanceRegistry","thread_name":"Eureka-EvictionTimer","level":"INFO","level_value":20000}
{"@timestamp":"2026-01-04T02:14:03.8182861+05:30","@version":"1","message":"Running the evict task with compensationTime 6ms","logger_name":"com.netflix.eureka.registry.AbstractInstanceRegistry","thread_name":"Eureka-EvictionTimer","level":"INFO","level_value":20000}
{"@timestamp":"2026-01-04T02:15:03.8356969+05:30","@version":"1","message":"Running the evict task with compensationTime 17ms","logger_name":"com.netflix.eureka.registry.AbstractInstanceRegistry","thread_name":"Eureka-EvictionTimer","level":"INFO","level_value":20000}
{"@timestamp":"2026-01-04T02:15:58.7819189+05:30","@version":"1","message":"The replica size seems to be empty. Check the route 53 DNS Registry","logger_name":"com.netflix.eureka.cluster.PeerEurekaNodes","thread_name":"Eureka-PeerNodesUpdater","level":"WARN","level_value":30000}
{"@timestamp":"2026-01-04T02:16:03.8440678+05:30","@version":"1","message":"Running the evict task with compensationTime 8ms","logger_name":"com.netflix.eureka.registry.AbstractInstanceRegistry","thread_name":"Eureka-EvictionTimer","level":"INFO","level_value":20000}
{"@timestamp":"2026-01-04T11:23:38.5422271+05:30","@version":"1","message":"Running the evict task with compensationTime 32799434ms","logger_name":"com.netflix.eureka.registry.AbstractInstanceRegistry","thread_name":"Eureka-EvictionTimer","level":"INFO","level_value":20000}
{"@timestamp":"2026-01-04T11:24:40.2615938+05:30","@version":"1","message":"Running the evict task with compensationTime 3ms","logger_name":"com.netflix.eureka.registry.AbstractInstanceRegistry","thread_name":"Eureka-EvictionTimer","level":"INFO","level_value":20000}
{"@timestamp":"2026-01-04T11:25:40.2693419+05:30","@version":"1","message":"Running the evict task with compensationTime 8ms","logger_name":"com.netflix.eureka.registry.AbstractInstanceRegistry","thread_name":"Eureka-EvictionTimer","level":"INFO","level_value":20000}
{"@timestamp":"2026-01-04T11:26:40.2802088+05:30","@version":"1","message":"Running the evict task with compensationTime 9ms","logger_name":"com.netflix.eureka.registry.AbstractInstanceRegistry","thread_name":"Eureka-EvictionTimer","level":"INFO","level_value":20000}
{"@timestamp":"2026-01-04T11:27:40.2839318+05:30","@version":"1","message":"Running the evict task with compensationTime 4ms","logger_name":"com.netflix.eureka.registry.AbstractInstanceRegistry","thread_name":"Eureka-EvictionTimer","level":"INFO","level_value":20000}
{"@timestamp":"2026-01-04T11:28:40.292305+05:30","@version":"1","message":"Running the evict task with compensationTime 8ms","logger_name":"com.netflix.eureka.registry.AbstractInstanceRegistry","thread_name":"Eureka-EvictionTimer","level":"INFO","level_value":20000}
{"@timestamp":"2026-01-04T11:29:40.3035154+05:30","@version":"1","message":"Running the evict task with compensationTime 10ms","logger_name":"com.netflix.eureka.registry.AbstractInstanceRegistry","thread_name":"Eureka-EvictionTimer","level":"INFO","level_value":20000}
{"@timestamp":"2026-01-04T11:30:40.3102643+05:30","@version":"1","message":"Running the evict task with compensationTime 6ms","logger_name":"com.netflix.eureka.registry.AbstractInstanceRegistry","thread_name":"Eureka-EvictionTimer","level":"INFO","level_value":20000}
{"@timestamp":"2026-01-04T11:31:40.3103856+05:30","@version":"1","message":"Running the evict task with compensationTime 0ms","logger_name":"com.netflix.eureka.registry.AbstractInstanceRegistry","thread_name":"Eureka-EvictionTimer","level":"INFO","level_value":20000}
{"@timestamp":"2026-01-04T11:32:33.5960616+05:30","@version":"1","message":"Current renewal threshold is : 0","logger_name":"com.netflix.eureka.registry.PeerAwareInstanceRegistryImpl","thread_name":"ReplicaAwareInstanceRegistry - RenewalThresholdUpdater","level":"INFO","level_value":20000}
{"@timestamp":"2026-01-04T11:32:35.2007808+05:30","@version":"1","message":"The replica size seems to be empty. Check the route 53 DNS Registry","logger_name":"com.netflix.eureka.cluster.PeerEurekaNodes","thread_name":"Eureka-PeerNodesUpdater","level":"WARN","level_value":30000}
{"@timestamp":"2026-01-04T11:32:40.3105876+05:30","@version":"1","message":"Running the evict task with compensationTime 0ms","logger_name":"com.netflix.eureka.registry.AbstractInstanceRegistry","thread_name":"Eureka-EvictionTimer","level":"INFO","level_value":20000}
{"@timestamp":"2026-01-04T11:33:40.3109729+05:30","@version":"1","message":"Running the evict task with compensationTime 0ms","logger_name":"com.netflix.eureka.registry.AbstractInstanceRegistry","thread_name":"Eureka-EvictionTimer","level":"INFO","level_value":20000}
{"@timestamp":"2026-01-04T11:34:40.3100942+05:30","@version":"1","message":"Running the evict task with compensationTime 0ms","logger_name":"com.netflix.eureka.registry.AbstractInstanceRegistry","thread_name":"Eureka-EvictionTimer","level":"INFO","level_value":20000}
{"@timestamp":"2026-01-04T11:35:40.3109322+05:30","@version":"1","message":"Running the evict task with compensationTime 0ms","logger_name":"com.netflix.eureka.registry.AbstractInstanceRegistry","thread_name":"Eureka-EvictionTimer","level":"INFO","level_value":20000}
{"@timestamp":"2026-01-04T11:36:02.6237592+05:30","@version":"1","message":"Registered instance PATIENT-SERVICE/Patient-Service:2c47c639-68f5-4d01-b9d3-70b96572eee6 with status DOWN (replication=false)","logger_name":"com.netflix.eureka.registry.AbstractInstanceRegistry","thread_name":"http-nio-8761-exec-3","level":"INFO","level_value":20000}
{"@timestamp":"2026-01-04T11:36:06.1507363+05:30","@version":"1","message":"Cancelled instance PATIENT-SERVICE/Patient-Service:2c47c639-68f5-4d01-b9d3-70b96572eee6 (replication=false)","logger_name":"com.netflix.eureka.registry.AbstractInstanceRegistry","thread_name":"http-nio-8761-exec-2","level":"INFO","level_value":20000}
{"@timestamp":"2026-01-04T11:36:40.3150743+05:30","@version":"1","message":"Running the evict task with compensationTime 4ms","logger_name":"com.netflix.eureka.registry.AbstractInstanceRegistry","thread_name":"Eureka-EvictionTimer","level":"INFO","level_value":20000}
{"@timestamp":"2026-01-04T11:37:31.6153391+05:30","@version":"1","message":"Registered instance PATIENT-SERVICE/Patient-Service:516d8647-7002-4c27-9a4c-4bb17e5b3022 with status UP (replication=false)","logger_name":"com.netflix.eureka.registry.AbstractInstanceRegistry","thread_name":"http-nio-8761-exec-7","level":"INFO","level_value":20000}
{"@timestamp":"2026-01-04T11:37:40.3168813+05:30","@version":"1","message":"Running the evict task with compensationTime 1ms","logger_name":"com.netflix.eureka.registry.AbstractInstanceRegistry","thread_name":"Eureka-EvictionTimer","level":"INFO","level_value":20000}
{"@timestamp":"2026-01-04T11:37:59.0307455+05:30","@version":"1","message":"Registered instance PATIENT-SERVICE/Patient-Service:516d8647-7002-4c27-9a4c-4bb17e5b3022 with status DOWN (replication=false)","logger_name":"com.netflix.eureka.registry.AbstractInstanceRegistry","thread_name":"http-nio-8761-exec-2","level":"INFO","level_value":20000}
{"@timestamp":"2026-01-04T11:38:02.6697996+05:30","@version":"1","message":"Cancelled instance PATIENT-SERVICE/Patient-Service:516d8647-7002-4c27-9a4c-4bb17e5b3022 (replication=false)","logger_name":"com.netflix.eureka.registry.AbstractInstanceRegistry","thread_name":"http-nio-8761-exec-9","level":"INFO","level_value":20000}
{"@timestamp":"2026-01-04T11:38:40.317278+05:30","@version":"1","message":"Running the evict task with compensationTime 0ms","logger_name":"com.netflix.eureka.registry.AbstractInstanceRegistry","thread_name":"Eureka-EvictionTimer","level":"INFO","level_value":20000}
{"@timestamp":"2026-01-04T11:39:03.1264324+05:30","@version":"1","message":"Registered instance PATIENT-SERVICE/Patient-Service:f3f0e050-0358-41db-a186-d6c4e8aa0869 with status UP (replication=false)","logger_name":"com.netflix.eureka.registry.AbstractInstanceRegistry","thread_name":"http-nio-8761-exec-3","level":"INFO","level_value":20000}
{"@timestamp":"2026-01-04T11:39:40.3200995+05:30","@version":"1","message":"Running the evict task with compensationTime 2ms","logger_name":"com.netflix.eureka.registry.AbstractInstanceRegistry","thread_name":"Eureka-EvictionTimer","level":"INFO","level_value":20000}
{"@timestamp":"2026-01-04T11:40:40.3256189+05:30","@version":"1","message":"Running the evict task with compensationTime 5ms","logger_name":"com.netflix.eureka.registry.AbstractInstanceRegistry","thread_name":"Eureka-EvictionTimer","level":"INFO","level_value":20000}
{"@timestamp":"2026-01-04T11:41:40.3401741+05:30","@version":"1","message":"Running the evict task with compensationTime 14ms","logger_name":"com.netflix.eureka.registry.AbstractInstanceRegistry","thread_name":"Eureka-EvictionTimer","level":"INFO","level_value":20000}
{"@timestamp":"2026-01-04T11:42:35.2454961+05:30","@version":"1","message":"The replica size seems to be empty. Check the route 53 DNS Registry","logger_name":"com.netflix.eureka.cluster.PeerEurekaNodes","thread_name":"Eureka-PeerNodesUpdater","level":"WARN","level_value":30000}
{"@timestamp":"2026-01-04T11:42:40.343752+05:30","@version":"1","message":"Running the evict task with compensationTime 4ms","logger_name":"com.netflix.eureka.registry.AbstractInstanceRegistry","thread_name":"Eureka-EvictionTimer","level":"INFO","level_value":20000}
{"@timestamp":"2026-01-04T11:42:47.7724011+05:30","@version":"1","message":"Registered instance PATIENT-SERVICE/Patient-Service:f3f0e050-0358-41db-a186-d6c4e8aa0869 with status DOWN (replication=false)","logger_name":"com.netflix.eureka.registry.AbstractInstanceRegistry","thread_name":"http-nio-8761-exec-9","level":"INFO","level_value":20000}
{"@timestamp":"2026-01-04T11:42:51.3835721+05:30","@version":"1","message":"Cancelled instance PATIENT-SERVICE/Patient-Service:f3f0e050-0358-41db-a186-d6c4e8aa0869 (replication=false)","logger_name":"com.netflix.eureka.registry.AbstractInstanceRegistry","thread_name":"http-nio-8761-exec-4","level":"INFO","level_value":20000}
{"@timestamp":"2026-01-04T11:43:40.3475467+05:30","@version":"1","message":"Running the evict task with compensationTime 3ms","logger_name":"com.netflix.eureka.registry.AbstractInstanceRegistry","thread_name":"Eureka-EvictionTimer","level":"INFO","level_value":20000}
{"@timestamp":"2026-01-04T11:43:44.1831039+05:30","@version":"1","message":"Registered instance PATIENT-SERVICE/Patient-Service:7cb082af-39de-4c6c-b182-200f6fdb1f3e with status UP (replication=false)","logger_name":"com.netflix.eureka.registry.AbstractInstanceRegistry","thread_name":"http-nio-8761-exec-2","level":"INFO","level_value":20000}
{"@timestamp":"2026-01-04T11:44:40.3623213+05:30","@version":"1","message":"Running the evict task with compensationTime 14ms","logger_name":"com.netflix.eureka.registry.AbstractInstanceRegistry","thread_name":"Eureka-EvictionTimer","level":"INFO","level_value":20000}
{"@timestamp":"2026-01-04T11:45:40.3693667+05:30","@version":"1","message":"Running the evict task with compensationTime 7ms","logger_name":"com.netflix.eureka.registry.AbstractInstanceRegistry","thread_name":"Eureka-EvictionTimer","level":"INFO","level_value":20000}
{"@timestamp":"2026-01-04T11:46:40.3734427+05:30","@version":"1","message":"Running the evict task with compensationTime 4ms","logger_name":"com.netflix.eureka.registry.AbstractInstanceRegistry","thread_name":"Eureka-EvictionTimer","level":"INFO","level_value":20000}
{"@timestamp":"2026-01-04T11:47:33.5742565+05:30","@version":"1","message":"Current renewal threshold is : 0","logger_name":"com.netflix.eureka.registry.PeerAwareInstanceRegistryImpl","thread_name":"ReplicaAwareInstanceRegistry - RenewalThresholdUpdater","level":"INFO","level_value":20000}
{"@timestamp":"2026-01-04T11:47:40.3735027+05:30","@version":"1","message":"Running the evict task with compensationTime 0ms","logger_name":"com.netflix.eureka.registry.AbstractInstanceRegistry","thread_name":"Eureka-EvictionTimer","level":"INFO","level_value":20000}
{"@timestamp":"2026-01-04T11:48:24.8128567+05:30","@version":"1","message":"Registered instance PATIENT-SERVICE/Patient-Service:7cb082af-39de-4c6c-b182-200f6fdb1f3e with status DOWN (replication=false)","logger_name":"com.netflix.eureka.registry.AbstractInstanceRegistry","thread_name":"http-nio-8761-exec-2","level":"INFO","level_value":20000}
{"@timestamp":"2026-01-04T11:48:28.3656054+05:30","@version":"1","message":"Cancelled instance PATIENT-SERVICE/Patient-Service:7cb082af-39de-4c6c-b182-200f6fdb1f3e (replication=false)","logger_name":"com.netflix.eureka.registry.AbstractInstanceRegistry","thread_name":"http-nio-8761-exec-8","level":"INFO","level_value":20000}
{"@timestamp":"2026-01-04T11:48:40.3865703+05:30","@version":"1","message":"Running the evict task with compensationTime 13ms","logger_name":"com.netflix.eureka.registry.AbstractInstanceRegistry","thread_name":"Eureka-EvictionTimer","level":"INFO","level_value":20000}
{"@timestamp":"2026-01-04T11:49:21.3679823+05:30","@version":"1","message":"Registered instance PATIENT-SERVICE/Patient-Service:ce843fe8-cd7a-490a-8cfb-5a0df081a6f0 with status UP (replication=false)","logger_name":"com.netflix.eureka.registry.AbstractInstanceRegistry","thread_name":"http-nio-8761-exec-7","level":"INFO","level_value":20000}
{"@timestamp":"2026-01-04T11:49:40.3963835+05:30","@version":"1","message":"Running the evict task with compensationTime 9ms","logger_name":"com.netflix.eureka.registry.AbstractInstanceRegistry","thread_name":"Eureka-EvictionTimer","level":"INFO","level_value":20000}
{"@timestamp":"2026-01-04T11:50:40.4051686+05:30","@version":"1","message":"Running the evict task with compensationTime 8ms","logger_name":"com.netflix.eureka.registry.AbstractInstanceRegistry","thread_name":"Eureka-EvictionTimer","level":"INFO","level_value":20000}
{"@timestamp":"2026-01-04T11:51:40.4162013+05:30","@version":"1","message":"Running the evict task with compensationTime 11ms","logger_name":"com.netflix.eureka.registry.AbstractInstanceRegistry","thread_name":"Eureka-EvictionTimer","level":"INFO","level_value":20000}
{"@timestamp":"2026-01-04T11:52:35.2762612+05:30","@version":"1","message":"The replica size seems to be empty. Check the route 53 DNS Registry","logger_name":"com.netflix.eureka.cluster.PeerEurekaNodes","thread_name":"Eureka-PeerNodesUpdater","level":"WARN","level_value":30000}
{"@timestamp":"2026-01-04T11:52:40.4273393+05:30","@version":"1","message":"Running the evict task with compensationTime 11ms","logger_name":"com.netflix.eureka.registry.AbstractInstanceRegistry","thread_name":"Eureka-EvictionTimer","level":"INFO","level_value":20000}
{"@timestamp":"2026-01-04T11:53:40.4293951+05:30","@version":"1","message":"Running the evict task with compensationTime 1ms","logger_name":"com.netflix.eureka.registry.AbstractInstanceRegistry","thread_name":"Eureka-EvictionTimer","level":"INFO","level_value":20000}
{"@timestamp":"2026-01-04T11:54:40.4297406+05:30","@version":"1","message":"Running the evict task with compensationTime 1ms","logger_name":"com.netflix.eureka.registry.AbstractInstanceRegistry","thread_name":"Eureka-EvictionTimer","level":"INFO","level_value":20000}
{"@timestamp":"2026-01-04T11:55:40.437973+05:30","@version":"1","message":"Running the evict task with compensationTime 7ms","logger_name":"com.netflix.eureka.registry.AbstractInstanceRegistry","thread_name":"Eureka-EvictionTimer","level":"INFO","level_value":20000}
{"@timestamp":"2026-01-04T11:56:40.4458149+05:30","@version":"1","message":"Running the evict task with compensationTime 7ms","logger_name":"com.netflix.eureka.registry.AbstractInstanceRegistry","thread_name":"Eureka-EvictionTimer","level":"INFO","level_value":20000}
{"@timestamp":"2026-01-04T11:57:40.4489472+05:30","@version":"1","message":"Running the evict task with compensationTime 3ms","logger_name":"com.netflix.eureka.registry.AbstractInstanceRegistry","thread_name":"Eureka-EvictionTimer","level":"INFO","level_value":20000}
{"@timestamp":"2026-01-04T11:58:40.4604613+05:30","@version":"1","message":"Running the evict task with compensationTime 11ms","logger_name":"com.netflix.eureka.registry.AbstractInstanceRegistry","thread_name":"Eureka-EvictionTimer","level":"INFO","level_value":20000}
{"@timestamp":"2026-01-04T12:02:00.3528249+05:30","@version":"1","message":"Running the evict task with compensationTime 139891ms","logger_name":"com.netflix.eureka.registry.AbstractInstanceRegistry","thread_name":"Eureka-EvictionTimer","level":"INFO","level_value":20000}
{"@timestamp":"2026-01-04T12:03:00.3776063+05:30","@version":"1","message":"Running the evict task with compensationTime 22ms","logger_name":"com.netflix.eureka.registry.AbstractInstanceRegistry","thread_name":"Eureka-EvictionTimer","level":"INFO","level_value":20000}
{"@timestamp":"2026-01-04T12:04:00.3790713+05:30","@version":"1","message":"Running the evict task with compensationTime 4ms","logger_name":"com.netflix.eureka.registry.AbstractInstanceRegistry","thread_name":"Eureka-EvictionTimer","level":"INFO","level_value":20000}
{"@timestamp":"2026-01-04T12:04:53.4317001+05:30","@version":"1","message":"Current renewal threshold is : 0","logger_name":"com.netflix.eureka.registry.PeerAwareInstanceRegistryImpl","thread_name":"ReplicaAwareInstanceRegistry - RenewalThresholdUpdater","level":"INFO","level_value":20000}
{"@timestamp":"2026-01-04T12:04:55.1444124+05:30","@version":"1","message":"The replica size seems to be empty. Check the route 53 DNS Registry","logger_name":"com.netflix.eureka.cluster.PeerEurekaNodes","thread_name":"Eureka-PeerNodesUpdater","level":"WARN","level_value":30000}
{"@timestamp":"2026-01-04T12:05:00.3886123+05:30","@version":"1","message":"Running the evict task with compensationTime 9ms","logger_name":"com.netflix.eureka.registry.AbstractInstanceRegistry","thread_name":"Eureka-EvictionTimer","level":"INFO","level_value":20000}
{"@timestamp":"2026-01-04T12:06:00.3990182+05:30","@version":"1","message":"Running the evict task with compensationTime 10ms","logger_name":"com.netflix.eureka.registry.AbstractInstanceRegistry","thread_name":"Eureka-EvictionTimer","level":"INFO","level_value":20000}
{"@timestamp":"2026-01-04T12:07:00.4033392+05:30","@version":"1","message":"Running the evict task with compensationTime 3ms","logger_name":"com.netflix.eureka.registry.AbstractInstanceRegistry","thread_name":"Eureka-EvictionTimer","level":"INFO","level_value":20000}
{"@timestamp":"2026-01-04T12:08:00.4108499+05:30","@version":"1","message":"Running the evict task with compensationTime 7ms","logger_name":"com.netflix.eureka.registry.AbstractInstanceRegistry","thread_name":"Eureka-EvictionTimer","level":"INFO","level_value":20000}
{"@timestamp":"2026-01-04T12:09:00.4183066+05:30","@version":"1","message":"Running the evict task with compensationTime 7ms","logger_name":"com.netflix.eureka.registry.AbstractInstanceRegistry","thread_name":"Eureka-EvictionTimer","level":"INFO","level_value":20000}
{"@timestamp":"2026-01-04T12:10:00.4339185+05:30","@version":"1","message":"Running the evict task with compensationTime 15ms","logger_name":"com.netflix.eureka.registry.AbstractInstanceRegistry","thread_name":"Eureka-EvictionTimer","level":"INFO","level_value":20000}
{"@timestamp":"2026-01-04T12:11:00.4482195+05:30","@version":"1","message":"Running the evict task with compensationTime 14ms","logger_name":"com.netflix.eureka.registry.AbstractInstanceRegistry","thread_name":"Eureka-EvictionTimer","level":"INFO","level_value":20000}
{"@timestamp":"2026-01-04T12:12:00.4490994+05:30","@version":"1","message":"Running the evict task with compensationTime 0ms","logger_name":"com.netflix.eureka.registry.AbstractInstanceRegistry","thread_name":"Eureka-EvictionTimer","level":"INFO","level_value":20000}
{"@timestamp":"2026-01-04T12:13:00.4492474+05:30","@version":"1","message":"Running the evict task with compensationTime 0ms","logger_name":"com.netflix.eureka.registry.AbstractInstanceRegistry","thread_name":"Eureka-EvictionTimer","level":"INFO","level_value":20000}
{"@timestamp":"2026-01-04T12:14:00.4499497+05:30","@version":"1","message":"Running the evict task with compensationTime 0ms","logger_name":"com.netflix.eureka.registry.AbstractInstanceRegistry","thread_name":"Eureka-EvictionTimer","level":"INFO","level_value":20000}
{"@timestamp":"2026-01-04T12:16:44.9936668+05:30","@version":"1","message":"The replica size seems to be empty. Check the route 53 DNS Registry","logger_name":"com.netflix.eureka.cluster.PeerEurekaNodes","thread_name":"Eureka-PeerNodesUpdater","level":"WARN","level_value":30000}
{"@timestamp":"2026-01-04T12:16:50.2123941+05:30","@version":"1","message":"Running the evict task with compensationTime 109762ms","logger_name":"com.netflix.eureka.registry.AbstractInstanceRegistry","thread_name":"Eureka-EvictionTimer","level":"INFO","level_value":20000}
{"@timestamp":"2026-01-04T12:17:50.2208192+05:30","@version":"1","message":"Running the evict task with compensationTime 7ms","logger_name":"com.netflix.eureka.registry.AbstractInstanceRegistry","thread_name":"Eureka-EvictionTimer","level":"INFO","level_value":20000}
{"@timestamp":"2026-01-04T12:18:50.2331525+05:30","@version":"1","message":"Running the evict task with compensationTime 12ms","logger_name":"com.netflix.eureka.registry.AbstractInstanceRegistry","thread_name":"Eureka-EvictionTimer","level":"INFO","level_value":20000}
{"@timestamp":"2026-01-04T12:51:27.7279098+05:30","@version":"1","message":"Running the evict task with compensationTime 1896792ms","logger_name":"com.netflix.eureka.registry.AbstractInstanceRegistry","thread_name":"Eureka-EvictionTimer","level":"INFO","level_value":20000}
{"@timestamp":"2026-01-04T12:52:27.0393957+05:30","@version":"1","message":"Running the evict task with compensationTime 13ms","logger_name":"com.netflix.eureka.registry.AbstractInstanceRegistry","thread_name":"Eureka-EvictionTimer","level":"INFO","level_value":20000}
{"@timestamp":"2026-01-04T12:53:19.5169449+05:30","@version":"1","message":"Current renewal threshold is : 0","logger_name":"com.netflix.eureka.registry.PeerAwareInstanceRegistryImpl","thread_name":"ReplicaAwareInstanceRegistry - RenewalThresholdUpdater","level":"INFO","level_value":20000}
{"@timestamp":"2026-01-04T12:53:27.0377007+05:30","@version":"1","message":"Running the evict task with compensationTime 0ms","logger_name":"com.netflix.eureka.registry.AbstractInstanceRegistry","thread_name":"Eureka-EvictionTimer","level":"INFO","level_value":20000}
{"@timestamp":"2026-01-04T12:54:27.0426664+05:30","@version":"1","message":"Running the evict task with compensationTime 3ms","logger_name":"com.netflix.eureka.registry.AbstractInstanceRegistry","thread_name":"Eureka-EvictionTimer","level":"INFO","level_value":20000}
{"@timestamp":"2026-01-04T12:55:27.063606+05:30","@version":"1","message":"Running the evict task with compensationTime 22ms","logger_name":"com.netflix.eureka.registry.AbstractInstanceRegistry","thread_name":"Eureka-EvictionTimer","level":"INFO","level_value":20000}
{"@timestamp":"2026-01-04T12:56:27.0793277+05:30","@version":"1","message":"Running the evict task with compensationTime 16ms","logger_name":"com.netflix.eureka.registry.AbstractInstanceRegistry","thread_name":"Eureka-EvictionTimer","level":"INFO","level_value":20000}
{"@timestamp":"2026-01-04T12:57:27.0963029+05:30","@version":"1","message":"Running the evict task with compensationTime 17ms","logger_name":"com.netflix.eureka.registry.AbstractInstanceRegistry","thread_name":"Eureka-EvictionTimer","level":"INFO","level_value":20000}
{"@timestamp":"2026-01-04T12:58:21.378693+05:30","@version":"1","message":"The replica size seems to be empty. Check the route 53 DNS Registry","logger_name":"com.netflix.eureka.cluster.PeerEurekaNodes","thread_name":"Eureka-PeerNodesUpdater","level":"WARN","level_value":30000}
{"@timestamp":"2026-01-04T12:58:27.1084991+05:30","@version":"1","message":"Running the evict task with compensationTime 11ms","logger_name":"com.netflix.eureka.registry.AbstractInstanceRegistry","thread_name":"Eureka-EvictionTimer","level":"INFO","level_value":20000}
{"@timestamp":"2026-01-04T12:59:27.1106623+05:30","@version":"1","message":"Running the evict task with compensationTime 2ms","logger_name":"com.netflix.eureka.registry.AbstractInstanceRegistry","thread_name":"Eureka-EvictionTimer","level":"INFO","level_value":20000}
{"@timestamp":"2026-01-04T13:00:27.1281879+05:30","@version":"1","message":"Running the evict task with compensationTime 17ms","logger_name":"com.netflix.eureka.registry.AbstractInstanceRegistry","thread_name":"Eureka-EvictionTimer","level":"INFO","level_value":20000}
{"@timestamp":"2026-01-04T13:01:27.1359102+05:30","@version":"1","message":"Running the evict task with compensationTime 6ms","logger_name":"com.netflix.eureka.registry.AbstractInstanceRegistry","thread_name":"Eureka-EvictionTimer","level":"INFO","level_value":20000}
{"@timestamp":"2026-01-04T13:02:27.13403+05:30","@version":"1","message":"Running the evict task with compensationTime 0ms","logger_name":"com.netflix.eureka.registry.AbstractInstanceRegistry","thread_name":"Eureka-EvictionTimer","level":"INFO","level_value":20000}
{"@timestamp":"2026-01-04T13:03:27.1436669+05:30","@version":"1","message":"Running the evict task with compensationTime 9ms","logger_name":"com.netflix.eureka.registry.AbstractInstanceRegistry","thread_name":"Eureka-EvictionTimer","level":"INFO","level_value":20000}
{"@timestamp":"2026-01-04T13:04:27.1531897+05:30","@version":"1","message":"Running the evict task with compensationTime 9ms","logger_name":"com.netflix.eureka.registry.AbstractInstanceRegistry","thread_name":"Eureka-EvictionTimer","level":"INFO","level_value":20000}
{"@timestamp":"2026-01-04T13:05:27.1534629+05:30","@version":"1","message":"Running the evict task with compensationTime 0ms","logger_name":"com.netflix.eureka.registry.AbstractInstanceRegistry","thread_name":"Eureka-EvictionTimer","level":"INFO","level_value":20000}
{"@timestamp":"2026-01-04T13:06:27.1564067+05:30","@version":"1","message":"Running the evict task with compensationTime 3ms","logger_name":"com.netflix.eureka.registry.AbstractInstanceRegistry","thread_name":"Eureka-EvictionTimer","level":"INFO","level_value":20000}
{"@timestamp":"2026-01-04T13:07:27.1635776+05:30","@version":"1","message":"Running the evict task with compensationTime 6ms","logger_name":"com.netflix.eureka.registry.AbstractInstanceRegistry","thread_name":"Eureka-EvictionTimer","level":"INFO","level_value":20000}
{"@timestamp":"2026-01-04T13:08:19.49438+05:30","@version":"1","message":"Current renewal threshold is : 0","logger_name":"com.netflix.eureka.registry.PeerAwareInstanceRegistryImpl","thread_name":"ReplicaAwareInstanceRegistry - RenewalThresholdUpdater","level":"INFO","level_value":20000}
{"@timestamp":"2026-01-04T13:08:21.3908638+05:30","@version":"1","message":"The replica size seems to be empty. Check the route 53 DNS Registry","logger_name":"com.netflix.eureka.cluster.PeerEurekaNodes","thread_name":"Eureka-PeerNodesUpdater","level":"WARN","level_value":30000}
{"@timestamp":"2026-01-04T13:08:27.1632391+05:30","@version":"1","message":"Running the evict task with compensationTime 0ms","logger_name":"com.netflix.eureka.registry.AbstractInstanceRegistry","thread_name":"Eureka-EvictionTimer","level":"INFO","level_value":20000}
{"@timestamp":"2026-01-04T13:09:27.1649711+05:30","@version":"1","message":"Running the evict task with compensationTime 1ms","logger_name":"com.netflix.eureka.registry.AbstractInstanceRegistry","thread_name":"Eureka-EvictionTimer","level":"INFO","level_value":20000}
{"@timestamp":"2026-01-04T13:10:27.165051+05:30","@version":"1","message":"Running the evict task with compensationTime 0ms","logger_name":"com.netflix.eureka.registry.AbstractInstanceRegistry","thread_name":"Eureka-EvictionTimer","level":"INFO","level_value":20000}
{"@timestamp":"2026-01-04T13:11:27.1790198+05:30","@version":"1","message":"Running the evict task with compensationTime 13ms","logger_name":"com.netflix.eureka.registry.AbstractInstanceRegistry","thread_name":"Eureka-EvictionTimer","level":"INFO","level_value":20000}
{"@timestamp":"2026-01-04T13:12:27.1870762+05:30","@version":"1","message":"Running the evict task with compensationTime 8ms","logger_name":"com.netflix.eureka.registry.AbstractInstanceRegistry","thread_name":"Eureka-EvictionTimer","level":"INFO","level_value":20000}
{"@timestamp":"2026-01-04T13:13:27.1994723+05:30","@version":"1","message":"Running the evict task with compensationTime 12ms","logger_name":"com.netflix.eureka.registry.AbstractInstanceRegistry","thread_name":"Eureka-EvictionTimer","level":"INFO","level_value":20000}
{"@timestamp":"2026-01-04T13:14:27.2001652+05:30","@version":"1","message":"Running the evict task with compensationTime 0ms","logger_name":"com.netflix.eureka.registry.AbstractInstanceRegistry","thread_name":"Eureka-EvictionTimer","level":"INFO","level_value":20000}
{"@timestamp":"2026-01-04T13:15:27.202343+05:30","@version":"1","message":"Running the evict task with compensationTime 2ms","logger_name":"com.netflix.eureka.registry.AbstractInstanceRegistry","thread_name":"Eureka-EvictionTimer","level":"INFO","level_value":20000}
{"@timestamp":"2026-01-04T13:16:27.2060681+05:30","@version":"1","message":"Running the evict task with compensationTime 3ms","logger_name":"com.netflix.eureka.registry.AbstractInstanceRegistry","thread_name":"Eureka-EvictionTimer","level":"INFO","level_value":20000}
{"@timestamp":"2026-01-04T13:17:27.2197753+05:30","@version":"1","message":"Running the evict task with compensationTime 13ms","logger_name":"com.netflix.eureka.registry.AbstractInstanceRegistry","thread_name":"Eureka-EvictionTimer","level":"INFO","level_value":20000}
{"@timestamp":"2026-01-04T13:18:21.4135387+05:30","@version":"1","message":"The replica size seems to be empty. Check the route 53 DNS Registry","logger_name":"com.netflix.eureka.cluster.PeerEurekaNodes","thread_name":"Eureka-PeerNodesUpdater","level":"WARN","level_value":30000}
{"@timestamp":"2026-01-04T13:18:27.2253324+05:30","@version":"1","message":"Running the evict task with compensationTime 5ms","logger_name":"com.netflix.eureka.registry.AbstractInstanceRegistry","thread_name":"Eureka-EvictionTimer","level":"INFO","level_value":20000}
{"@timestamp":"2026-01-04T13:19:27.2417785+05:30","@version":"1","message":"Running the evict task with compensationTime 16ms","logger_name":"com.netflix.eureka.registry.AbstractInstanceRegistry","thread_name":"Eureka-EvictionTimer","level":"INFO","level_value":20000}
{"@timestamp":"2026-01-04T13:20:27.2523503+05:30","@version":"1","message":"Running the evict task with compensationTime 10ms","logger_name":"com.netflix.eureka.registry.AbstractInstanceRegistry","thread_name":"Eureka-EvictionTimer","level":"INFO","level_value":20000}
{"@timestamp":"2026-01-04T13:21:27.2558105+05:30","@version":"1","message":"Running the evict task with compensationTime 3ms","logger_name":"com.netflix.eureka.registry.AbstractInstanceRegistry","thread_name":"Eureka-EvictionTimer","level":"INFO","level_value":20000}
{"@timestamp":"2026-01-04T13:22:27.261484+05:30","@version":"1","message":"Running the evict task with compensationTime 5ms","logger_name":"com.netflix.eureka.registry.AbstractInstanceRegistry","thread_name":"Eureka-EvictionTimer","level":"INFO","level_value":20000}
{"@timestamp":"2026-01-04T13:23:19.5064008+05:30","@version":"1","message":"Current renewal threshold is : 0","logger_name":"com.netflix.eureka.registry.PeerAwareInstanceRegistryImpl","thread_name":"ReplicaAwareInstanceRegistry - RenewalThresholdUpdater","level":"INFO","level_value":20000}
{"@timestamp":"2026-01-04T13:23:27.2724601+05:30","@version":"1","message":"Running the evict task with compensationTime 10ms","logger_name":"com.netflix.eureka.registry.AbstractInstanceRegistry","thread_name":"Eureka-EvictionTimer","level":"INFO","level_value":20000}
{"@timestamp":"2026-01-04T13:24:27.3042353+05:30","@version":"1","message":"Running the evict task with compensationTime 28ms","logger_name":"com.netflix.eureka.registry.AbstractInstanceRegistry","thread_name":"Eureka-EvictionTimer","level":"INFO","level_value":20000}
{"@timestamp":"2026-01-04T13:25:27.3104251+05:30","@version":"1","message":"Running the evict task with compensationTime 9ms","logger_name":"com.netflix.eureka.registry.AbstractInstanceRegistry","thread_name":"Eureka-EvictionTimer","level":"INFO","level_value":20000}
{"@timestamp":"2026-01-04T13:26:27.3267656+05:30","@version":"1","message":"Running the evict task with compensationTime 16ms","logger_name":"com.netflix.eureka.registry.AbstractInstanceRegistry","thread_name":"Eureka-EvictionTimer","level":"INFO","level_value":20000}
{"@timestamp":"2026-01-04T13:27:27.342281+05:30","@version":"1","message":"Running the evict task with compensationTime 15ms","logger_name":"com.netflix.eureka.registry.AbstractInstanceRegistry","thread_name":"Eureka-EvictionTimer","level":"INFO","level_value":20000}
{"@timestamp":"2026-01-04T13:28:21.4464434+05:30","@version":"1","message":"The replica size seems to be empty. Check the route 53 DNS Registry","logger_name":"com.netflix.eureka.cluster.PeerEurekaNodes","thread_name":"Eureka-PeerNodesUpdater","level":"WARN","level_value":30000}
{"@timestamp":"2026-01-04T13:28:27.3582149+05:30","@version":"1","message":"Running the evict task with compensationTime 16ms","logger_name":"com.netflix.eureka.registry.AbstractInstanceRegistry","thread_name":"Eureka-EvictionTimer","level":"INFO","level_value":20000}
{"@timestamp":"2026-01-04T13:29:27.3640591+05:30","@version":"1","message":"Running the evict task with compensationTime 3ms","logger_name":"com.netflix.eureka.registry.AbstractInstanceRegistry","thread_name":"Eureka-EvictionTimer","level":"INFO","level_value":20000}
{"@timestamp":"2026-01-04T13:30:27.3621996+05:30","@version":"1","message":"Running the evict task with compensationTime 0ms","logger_name":"com.netflix.eureka.registry.AbstractInstanceRegistry","thread_name":"Eureka-EvictionTimer","level":"INFO","level_value":20000}
{"@timestamp":"2026-01-04T13:31:27.3796481+05:30","@version":"1","message":"Running the evict task with compensationTime 18ms","logger_name":"com.netflix.eureka.registry.AbstractInstanceRegistry","thread_name":"Eureka-EvictionTimer","level":"INFO","level_value":20000}
{"@timestamp":"2026-01-04T13:32:27.3839029+05:30","@version":"1","message":"Running the evict task with compensationTime 3ms","logger_name":"com.netflix.eureka.registry.AbstractInstanceRegistry","thread_name":"Eureka-EvictionTimer","level":"INFO","level_value":20000}
{"@timestamp":"2026-01-04T13:33:27.3917097+05:30","@version":"1","message":"Running the evict task with compensationTime 6ms","logger_name":"com.netflix.eureka.registry.AbstractInstanceRegistry","thread_name":"Eureka-EvictionTimer","level":"INFO","level_value":20000}
{"@timestamp":"2026-01-04T13:34:27.3986435+05:30","@version":"1","message":"Running the evict task with compensationTime 7ms","logger_name":"com.netflix.eureka.registry.AbstractInstanceRegistry","thread_name":"Eureka-EvictionTimer","level":"INFO","level_value":20000}
{"@timestamp":"2026-01-04T13:35:27.4130837+05:30","@version":"1","message":"Running the evict task with compensationTime 15ms","logger_name":"com.netflix.eureka.registry.AbstractInstanceRegistry","thread_name":"Eureka-EvictionTimer","level":"INFO","level_value":20000}
{"@timestamp":"2026-01-04T13:36:27.421577+05:30","@version":"1","message":"Running the evict task with compensationTime 7ms","logger_name":"com.netflix.eureka.registry.AbstractInstanceRegistry","thread_name":"Eureka-EvictionTimer","level":"INFO","level_value":20000}
{"@timestamp":"2026-01-04T13:37:27.4227735+05:30","@version":"1","message":"Running the evict task with compensationTime 1ms","logger_name":"com.netflix.eureka.registry.AbstractInstanceRegistry","thread_name":"Eureka-EvictionTimer","level":"INFO","level_value":20000}
{"@timestamp":"2026-01-04T13:38:19.5190491+05:30","@version":"1","message":"Current renewal threshold is : 0","logger_name":"com.netflix.eureka.registry.PeerAwareInstanceRegistryImpl","thread_name":"ReplicaAwareInstanceRegistry - RenewalThresholdUpdater","level":"INFO","level_value":20000}
{"@timestamp":"2026-01-04T13:38:21.4786752+05:30","@version":"1","message":"The replica size seems to be empty. Check the route 53 DNS Registry","logger_name":"com.netflix.eureka.cluster.PeerEurekaNodes","thread_name":"Eureka-PeerNodesUpdater","level":"WARN","level_value":30000}
{"@timestamp":"2026-01-04T13:38:27.4348793+05:30","@version":"1","message":"Running the evict task with compensationTime 12ms","logger_name":"com.netflix.eureka.registry.AbstractInstanceRegistry","thread_name":"Eureka-EvictionTimer","level":"INFO","level_value":20000}
{"@timestamp":"2026-01-04T13:39:27.4422884+05:30","@version":"1","message":"Running the evict task with compensationTime 7ms","logger_name":"com.netflix.eureka.registry.AbstractInstanceRegistry","thread_name":"Eureka-EvictionTimer","level":"INFO","level_value":20000}
{"@timestamp":"2026-01-04T13:40:27.4462933+05:30","@version":"1","message":"Running the evict task with compensationTime 4ms","logger_name":"com.netflix.eureka.registry.AbstractInstanceRegistry","thread_name":"Eureka-EvictionTimer","level":"INFO","level_value":20000}
{"@timestamp":"2026-01-04T13:41:27.4586068+05:30","@version":"1","message":"Running the evict task with compensationTime 12ms","logger_name":"com.netflix.eureka.registry.AbstractInstanceRegistry","thread_name":"Eureka-EvictionTimer","level":"INFO","level_value":20000}
{"@timestamp":"2026-01-04T13:42:27.4616284+05:30","@version":"1","message":"Running the evict task with compensationTime 3ms","logger_name":"com.netflix.eureka.registry.AbstractInstanceRegistry","thread_name":"Eureka-EvictionTimer","level":"INFO","level_value":20000}
{"@timestamp":"2026-01-04T13:43:27.4616288+05:30","@version":"1","message":"Running the evict task with compensationTime 0ms","logger_name":"com.netflix.eureka.registry.AbstractInstanceRegistry","thread_name":"Eureka-EvictionTimer","level":"INFO","level_value":20000}
{"@timestamp":"2026-01-04T13:44:27.4638085+05:30","@version":"1","message":"Running the evict task with compensationTime 2ms","logger_name":"com.netflix.eureka.registry.AbstractInstanceRegistry","thread_name":"Eureka-EvictionTimer","level":"INFO","level_value":20000}
{"@timestamp":"2026-01-04T13:45:28.6688371+05:30","@version":"1","message":"Running the evict task with compensationTime 1204ms","logger_name":"com.netflix.eureka.registry.AbstractInstanceRegistry","thread_name":"Eureka-EvictionTimer","level":"INFO","level_value":20000}
{"@timestamp":"2026-01-04T19:41:05.198138+05:30","@version":"1","message":"Running the evict task with compensationTime 21282288ms","logger_name":"com.netflix.eureka.registry.AbstractInstanceRegistry","thread_name":"Eureka-EvictionTimer","level":"INFO","level_value":20000}
{"@timestamp":"2026-01-04T19:42:05.213667+05:30","@version":"1","message":"Running the evict task with compensationTime 14ms","logger_name":"com.netflix.eureka.registry.AbstractInstanceRegistry","thread_name":"Eureka-EvictionTimer","level":"INFO","level_value":20000}
{"@timestamp":"2026-01-04T19:42:58.1899457+05:30","@version":"1","message":"The replica size seems to be empty. Check the route 53 DNS Registry","logger_name":"com.netflix.eureka.cluster.PeerEurekaNodes","thread_name":"Eureka-PeerNodesUpdater","level":"WARN","level_value":30000}
{"@timestamp":"2026-01-04T19:43:05.2254926+05:30","@version":"1","message":"Running the evict task with compensationTime 12ms","logger_name":"com.netflix.eureka.registry.AbstractInstanceRegistry","thread_name":"Eureka-EvictionTimer","level":"INFO","level_value":20000}
{"@timestamp":"2026-01-04T19:44:05.2394843+05:30","@version":"1","message":"Running the evict task with compensationTime 14ms","logger_name":"com.netflix.eureka.registry.AbstractInstanceRegistry","thread_name":"Eureka-EvictionTimer","level":"INFO","level_value":20000}
{"@timestamp":"2026-01-04T19:45:05.2408509+05:30","@version":"1","message":"Running the evict task with compensationTime 1ms","logger_name":"com.netflix.eureka.registry.AbstractInstanceRegistry","thread_name":"Eureka-EvictionTimer","level":"INFO","level_value":20000}
{"@timestamp":"2026-01-04T19:46:05.2569954+05:30","@version":"1","message":"Running the evict task with compensationTime 15ms","logger_name":"com.netflix.eureka.registry.AbstractInstanceRegistry","thread_name":"Eureka-EvictionTimer","level":"INFO","level_value":20000}
{"@timestamp":"2026-01-04T19:47:05.259751+05:30","@version":"1","message":"Running the evict task with compensationTime 2ms","logger_name":"com.netflix.eureka.registry.AbstractInstanceRegistry","thread_name":"Eureka-EvictionTimer","level":"INFO","level_value":20000}
